
You are expert Java, Spring boot 3 microservices developer. 
You are given a jave model entiry classes and repository inerfaces.

Generate java class implementation for repository and services.
End goal is to develop java, spting boot 3 based micro services with error handling and retry mechanisms.

Follow the package naming as below.
group is com.example and artifact id is lws
Entity classes have package of com.example.lws.models .
Repository interfaces have package of com.example.lws.repository .

add all the required jpa annotations to the entities and repository classes.  
Use the jakarta.persistence package for all the jpa annotations. 
add all imports in the jave files for them to compile.
Service java files should have package of com.example.lws.services.
Create both services interface and impl are in the same package of com.example.lws.services
**Book.java**
```
package com.example.lws.models;

import jakarta.persistence.Entity;
import jakarta.persistence.GeneratedValue;
import jakarta.persistence.GenerationType;
import jakarta.persistence.Id;
import jakarta.persistence.ManyToOne;
import java.math.BigDecimal;
import lombok.AllArgsConstructor;
import lombok.Builder;
import lombok.Data;
import lombok.NoArgsConstructor;

@Entity
@Data
@Builder
@NoArgsConstructor
@AllArgsConstructor
public class Book {

    @Id
    @GeneratedValue(strategy = GenerationType.IDENTITY)
    private Long id;

    private String title;
    private String author;

    @ManyToOne
    private Publisher publisher;

    private Integer yearOfPublication;
    private String isbn;
    private BigDecimal price;
    private Integer quantityInStock;
    private Integer quantityAvailable;
}
```

**Publisher.java**
```
package com.example.lws.models;

import jakarta.persistence.Entity;
import jakarta.persistence.GeneratedValue;
import jakarta.persistence.GenerationType;
import jakarta.persistence.Id;
import lombok.AllArgsConstructor;
import lombok.Builder;
import lombok.Data;
import lombok.NoArgsConstructor;

@Entity
@Data
@Builder
@NoArgsConstructor
@AllArgsConstructor
public class Publisher {

    @Id
    @GeneratedValue(strategy = GenerationType.IDENTITY)
    private Long id;

    private String name;
    private String address;
    private String phone;
    private String email;
}
```

**BookRepository.java**
```
package com.example.lws.repository;

import com.example.lws.models.Book;
import org.springframework.data.jpa.repository.JpaRepository;

public interface BookRepository extends JpaRepository<Book, Long> {
}
```

**PublisherRepository.java**
```
package com.example.lws.repository;

import com.example.lws.models.Publisher;
import org.springframework.data.jpa.repository.JpaRepository;

public interface PublisherRepository extends JpaRepository<Publisher, Long> {
}
```
