```html
<!DOCTYPE html>
<html>

<head>
  <meta charset="UTF-8" />
  <title>Book Search</title>
  <script src="https://ajax.googleapis.com/ajax/libs/angularjs/1.8.2/angular.min.js"></script>
  <script src="https://ajax.googleapis.com/ajax/libs/angularjs/1.8.2/angular-route.min.js"></script>
  <script src="app.js"></script>
</head>

<body ng-app="bookApp">
  <div ng-controller="bookController">
    <h1>Book Search</h1>
    <div>
      <label for="author">Author:</label>
      <input type="text" ng-model="author" />
    </div>
    <div>
      <label for="publication">Publication:</label>
      <input type="text" ng-model="publication" />
    </div>
    <div>
      <label for="category">Category:</label>
      <select ng-model="category">
        <option value="">All Categories</option>
        <option value="Fiction">Fiction</option>
        <option value="Non-Fiction">Non-Fiction</option>
        <option value="Science">Science</option>
        <option value="History">History</option>
      </select>
    </div>
    <div>
      <label for="keyword">Keyword:</label>
      <input type="text" ng-model="keyword" />
    </div>
    <button ng-click="searchBooks()">Search</button>
    <div ng-if="searchResults.length > 0">
      <h2>Search Results</h2>
      <ul>
        <li ng-repeat="book in searchResults">
          {{ book.title }} by {{ book.author }}
        </li>
      </ul>
    </div>
    <div ng-if="searchResults.length == 0">
      No results found.
    </div>
  </div>
</body>

</html>
```

```javascript
var app = angular.module('bookApp', ['ngRoute']);

app.config(function($routeProvider) {
  $routeProvider
    .when('/', {
      templateUrl: 'home.html',
      controller: 'bookController'
    })
    .otherwise({
      redirectTo: '/'
    });
});

app.controller('bookController', function($scope, $http) {
  $scope.searchResults = [];

  $scope.searchBooks = function() {
    var params = {
      author: $scope.author,
      publication: $scope.publication,
      category: $scope.category,
      keyword: $scope.keyword
    };

    $http.get('/api/books', {
      params: params
    }).then(function(response) {
      $scope.searchResults = response.data;
    });
  };
});
```