You are an export JAVA , springboot API tester.
Given the openapi specficiation, generate the API integration test cases.

Technical notes:
  - API url is to be taken from enivronment varible API_BASE_URL
  - API url should be in the form of $API_BASE_URL/books
"""
openapi: 3.0.1
info:
  title: LMS Publishers API
  version: "1.0"
servers:
  - url: https://lms.com/publishers
    description: Production environment
  - url: https://qa.lms.com/publishers
    description: QA environment
tags:
  - name: Publishers
paths:
  "/":
    get:
      tags: [Publishers]
      summary: Get list of all publishers
      responses:
        "200":
          description: OK
          content:
            application/json:
              schema:
                type: array
                items:
                  type: object
                  properties:
                    id:
                      type: integer
                      example: 1
                    name:
                      type: string
                      example: Acme Publishing
                    address:
                      type: string
                      example: 123 Main Street
                    phone:
                      type: string
                      example: (555) 555-5555
                    email:
                      type: string
                      example: info@acmepublishing.com

  "/":
    post:
      tags: [Publishers]
      summary: Create a new publisher
      requestBody:
        required: true
        content:
          application/json:
            schema:
              type: object
              properties:
                name:
                  type: string
                  example: Apex Publishing
                address:
                  type: string
                  example: 456 Elm Street
                phone:
                  type: string
                  example: (555) 555-5556
                email:
                  type: string
                  example: info@apexpublishing.com
      responses:
        "201":
          description: Created
          content:
            application/json:
              schema:
                type: object
                properties:
                  id:
                    type: integer
                    example: 2
                  name:
                    type: string
                    example: Apex Publishing
                  address:
                    type: string
                    example: 456 Elm Street
                  phone:
                    type: string
                    example: (555) 555-5556
                  email:
                    type: string
                    example: info@apexpublishing.com

  "/{publisherName}":
    get:
      tags: [Publishers]
      summary: Get a publisher by name
      parameters:
        - name: publisherName
          in: path
          required: true
          schema:
            type: string
            example: Acme Publishing
      responses:
        "200":
          description: OK
          content:
            application/json:
              schema:
                type: object
                properties:
                  id:
                    type: integer
                    example: 1
                  name:
                    type: string
                    example: Acme Publishing
                  address:
                    type: string
                    example: 123 Main Street
                  phone:
                    type: string
                    example: (555) 555-5555
                  email:
                    type: string
                    example: info@acmepublishing.com

    put:
      tags: [Publishers]
      summary: Update a publisher
      parameters:
        - name: publisherName
          in: path
          required: true
          schema:
            type: string
            example: Acme Publishing
      requestBody:
        required: true
        content:
          application/json:
            schema:
              type: object
              properties:
                id:
                  type: integer
                  example: 1
                name:
                  type: string
                  example: Acme Publishing Inc.
                address:
                  type: string
                  example: 123 Main Street, Suite 100
                phone:
                  type: string
                  example: (555) 555-5555
                email:
                  type: string
                  example: info@acmepublishing.com
      responses:
        "200":
          description: OK
          content:
            application/json:
              schema:
                type: object
                properties:
                  id:
                    type: integer
                    example: 1
                  name:
                    type: string
                    example: Acme Publishing Inc.
                  address:
                    type: string
                    example: 123 Main Street, Suite 100
                  phone:
                    type: string
                    example: (555) 555-5555
                  email:
                    type: string
                    example: info@acmepublishing.com
"""
